<?xml version="1.0" encoding="UTF-8"?>
<testsuites name="jest tests" tests="3" failures="0" errors="0" time="1.177">
  <testsuite name="AppComponent" errors="0" failures="0" skipped="0" timestamp="2025-04-29T11:01:50" time="0.59" tests="3">
    <testcase classname="AppComponent should create the app" name="AppComponent should create the app" time="0.055">
    </testcase>
    <testcase classname="AppComponent should have the &apos;autentfrontend&apos; title" name="AppComponent should have the &apos;autentfrontend&apos; title" time="0.007">
    </testcase>
    <testcase classname="AppComponent should render title" name="AppComponent should render title" time="0.01">
    </testcase>
  </testsuite>
</testsuites>